ASxxxx Linker V03.00 + NoICE + sdld,  page 1.
Hexadecimal  [32-Bits]

Area                                    Addr        Size        Decimal Bytes (Attributes)
--------------------------------        ----        ----        ------- ----- ------------
.  .ABS.                            00000000    00000000 =           0. bytes (ABS,CON)

      Value  Global                              Global Defined In Module
      -----  --------------------------------   ------------------------
     00000000  .__.ABS.                           _ulong2fs
     00000000  l_CABS                          
     00000000  l_DABS                          
     00000000  l__CODE                         
     00000000  s_CABS                          
     00000000  s_DABS                          
     00000000  s__CODE                         
     00000001  l_SSEG                          
     00000001  s_DATA                          
     00000003  l_GSFINAL                       
     0000001A  l_INITIALIZED                   
     0000001A  l_INITIALIZER                   
     0000002E  l_GSINIT                        
     0000005B  l_DATA                          
     0000005C  s_INITIALIZED                   
     00000076  s_SSEG                          
     00000083  l_HOME                          
     000023FB  l_CODE                          
     00008000  s_HOME                          
     00008083  s_GSINIT                        
     000080B1  s_GSFINAL                       
     000080B4  s_CODE                          
     0000A4AF  s_INITIALIZER                   

ASxxxx Linker V03.00 + NoICE + sdld,  page 2.
Hexadecimal  [32-Bits]

Area                                    Addr        Size        Decimal Bytes (Attributes)
--------------------------------        ----        ----        ------- ----- ------------
DATA                                00000001    0000005B =          91. bytes (REL,CON)

      Value  Global                              Global Defined In Module
      -----  --------------------------------   ------------------------
     00000001  _Duty_cycle                        main
     00000003  _Temp_buf                          main
     0000002B  _Vref_buf                          main
     00000053  _V_dis                             main

ASxxxx Linker V03.00 + NoICE + sdld,  page 3.
Hexadecimal  [32-Bits]

Area                                    Addr        Size        Decimal Bytes (Attributes)
--------------------------------        ----        ----        ------- ----- ------------
INITIALIZED                         0000005C    0000001A =          26. bytes (REL,CON)

      Value  Global                              Global Defined In Module
      -----  --------------------------------   ------------------------
     0000005C  _VTemp                             main
     0000005E  _VRef                              main
     00000060  _sys_time                          main
     00000062  _Vref_timeOut                      main
     00000064  _Vref_last                         main
     00000066  _dis_time                          main
     00000068  _cyc_time                          main
     0000006A  _stable_time                       main
     0000006C  _sleep_time                        main
     0000006E  _max_duty                          main
     00000070  _min_duty                          main
     00000072  _get_duty                          main
     00000074  _range_duty                        main

ASxxxx Linker V03.00 + NoICE + sdld,  page 4.
Hexadecimal  [32-Bits]

Area                                    Addr        Size        Decimal Bytes (Attributes)
--------------------------------        ----        ----        ------- ----- ------------
SSEG                                00000076    00000001 =           1. bytes (REL,CON)

      Value  Global                              Global Defined In Module
      -----  --------------------------------   ------------------------
ASxxxx Linker V03.00 + NoICE + sdld,  page 5.
Hexadecimal  [32-Bits]

Area                                    Addr        Size        Decimal Bytes (Attributes)
--------------------------------        ----        ----        ------- ----- ------------
HOME                                00008000    00000083 =         131. bytes (REL,CON)

      Value  Global                              Global Defined In Module
      -----  --------------------------------   ------------------------
ASxxxx Linker V03.00 + NoICE + sdld,  page 6.
Hexadecimal  [32-Bits]

Area                                    Addr        Size        Decimal Bytes (Attributes)
--------------------------------        ----        ----        ------- ----- ------------
GSINIT                              00008083    0000002E =          46. bytes (REL,CON)

      Value  Global                              Global Defined In Module
      -----  --------------------------------   ------------------------
ASxxxx Linker V03.00 + NoICE + sdld,  page 7.
Hexadecimal  [32-Bits]

Area                                    Addr        Size        Decimal Bytes (Attributes)
--------------------------------        ----        ----        ------- ----- ------------
GSFINAL                             000080B1    00000003 =           3. bytes (REL,CON)

      Value  Global                              Global Defined In Module
      -----  --------------------------------   ------------------------
ASxxxx Linker V03.00 + NoICE + sdld,  page 8.
Hexadecimal  [32-Bits]

Area                                    Addr        Size        Decimal Bytes (Attributes)
--------------------------------        ----        ----        ------- ----- ------------
CODE                                000080B4    000023FB =        9211. bytes (REL,CON)

      Value  Global                              Global Defined In Module
      -----  --------------------------------   ------------------------
     000080B4  _main                              main
     00008240  _SCAN_Led                          main
     0000838C  _GPIO_Configuration                main
     000083C1  _TIMER_Configuration               main
     000083F7  _ADC_Configuration                 main
     00008410  _ADC_Get                           main
     0000854B  _ADC_Range                         main
     000085BB  _IWDG_Config                       main
     000085D3  _UP_time                           main
     0000863B  _GET_time                          main
     00008664  _ADC1_DeInit                       stm8s_adc1
     00008695  _ADC1_Init                         stm8s_adc1
     000086C5  _ADC1_Cmd                          stm8s_adc1
     000086D4  _ADC1_ScanModeCmd                  stm8s_adc1
     000086E9  _ADC1_DataBufferCmd                stm8s_adc1
     000086F8  _ADC1_ITConfig                     stm8s_adc1
     0000871E  _ADC1_PrescalerConfig              stm8s_adc1
     00008730  _ADC1_SchmittTriggerConfig         stm8s_adc1
     000087C8  _ADC1_ConversionConfig             stm8s_adc1
     00008801  _ADC1_ExternalTriggerConfig        stm8s_adc1
     00008827  _ADC1_StartConversion              stm8s_adc1
     0000882C  _ADC1_GetConversionValue           stm8s_adc1
     00008879  _ADC1_AWDChannelConfig             stm8s_adc1
     000088E3  _ADC1_SetHighThreshold             stm8s_adc1
     000088F3  _ADC1_SetLowThreshold              stm8s_adc1
     00008903  _ADC1_GetBufferValue               stm8s_adc1
     0000895F  _ADC1_GetAWDChannelStatus          stm8s_adc1
     0000899B  _ADC1_GetFlagStatus                stm8s_adc1
     000089FC  _ADC1_ClearFlag                    stm8s_adc1
     00008A6E  _ADC1_GetITStatus                  stm8s_adc1
     00008AC9  _ADC1_ClearITPendingBit            stm8s_adc1
     00008B33  _CLK_DeInit                        stm8s_clk
     00008B6B  _CLK_FastHaltWakeUpCmd             stm8s_clk
     00008B80  _CLK_HSECmd                        stm8s_clk
     00008B8F  _CLK_HSICmd                        stm8s_clk
     00008B9E  _CLK_LSICmd                        stm8s_clk
     00008BB3  _CLK_CCOCmd                        stm8s_clk
     00008BC2  _CLK_ClockSwitchCmd                stm8s_clk
     00008BD7  _CLK_SlowActiveHaltWakeUpCmd       stm8s_clk
     00008BEC  _CLK_PeripheralClockConfig         stm8s_clk
     00008C44  _CLK_ClockSwitchConfig             stm8s_clk
     00008D11  _CLK_HSIPrescalerConfig            stm8s_clk
     00008D23  _CLK_CCOConfig                     stm8s_clk
     00008D39  _CLK_ITConfig                      stm8s_clk
     00008D88  _CLK_SYSCLKConfig                  stm8s_clk
     00008DC1  _CLK_SWIMConfig                    stm8s_clk
     00008DD0  _CLK_ClockSecuritySystemEnable     stm8s_clk
     00008DD5  _CLK_GetSYSCLKSource               stm8s_clk
     00008DDA  _CLK_GetClockFreq                  stm8s_clk
     00008E33  _CLK_AdjustHSICalibrationValue     stm8s_clk
ASxxxx Linker V03.00 + NoICE + sdld,  page 9.
Hexadecimal  [32-Bits]

Area                                    Addr        Size        Decimal Bytes (Attributes)
--------------------------------        ----        ----        ------- ----- ------------
CODE                                000080B4    000023FB =        9211. bytes (REL,CON)

      Value  Global                              Global Defined In Module
      -----  --------------------------------   ------------------------
     00008E40  _CLK_SYSCLKEmergencyClear          stm8s_clk
     00008E45  _CLK_GetFlagStatus                 stm8s_clk
     00008E8A  _CLK_GetITStatus                   stm8s_clk
     00008EB0  _CLK_ClearITPendingBit             stm8s_clk
     00008EC7  _HSIDivFactor                      stm8s_clk
     00008ECB  _CLKPrescTable                     stm8s_clk
     00008ED3  _FLASH_Unlock                      stm8s_flash
     00008EEC  _FLASH_Lock                        stm8s_flash
     00008EF7  _FLASH_DeInit                      stm8s_flash
     00008F16  _FLASH_ITConfig                    stm8s_flash
     00008F2B  _FLASH_EraseByte                   stm8s_flash
     00008F2F  _FLASH_ProgramByte                 stm8s_flash
     00008F35  _FLASH_ReadByte                    stm8s_flash
     00008F39  _FLASH_ProgramWord                 stm8s_flash
     00008F7A  _FLASH_ProgramOptionByte           stm8s_flash
     00008FB0  _FLASH_EraseOptionByte             stm8s_flash
     00008FDF  _FLASH_ReadOptionByte              stm8s_flash
     0000901A  _FLASH_SetLowPowerMode             stm8s_flash
     0000902C  _FLASH_SetProgrammingTime          stm8s_flash
     0000903B  _FLASH_GetLowPowerMode             stm8s_flash
     00009042  _FLASH_GetProgrammingTime          stm8s_flash
     00009049  _FLASH_GetBootSize                 stm8s_flash
     0000907B  _FLASH_GetFlagStatus               stm8s_flash
     00009089  _FLASH_WaitForLastOperation        stm8s_flash
     000090A4  _FLASH_EraseBlock                  stm8s_flash
     000090EE  _FLASH_ProgramBlock                stm8s_flash
     00009167  _GPIO_DeInit                       stm8s_gpio
     00009184  _GPIO_Init                         stm8s_gpio
     000091FC  _GPIO_Write                        stm8s_gpio
     00009202  _GPIO_WriteHigh                    stm8s_gpio
     00009209  _GPIO_WriteLow                     stm8s_gpio
     00009217  _GPIO_WriteReverse                 stm8s_gpio
     0000921E  _GPIO_ReadOutputData               stm8s_gpio
     00009222  _GPIO_ReadInputData                stm8s_gpio
     00009227  _GPIO_ReadInputPin                 stm8s_gpio
     0000922E  _GPIO_ExternalPullUpConfig         stm8s_gpio
     00009249  _IWDG_WriteAccessCmd               stm8s_iwdg
     00009250  _IWDG_SetPrescaler                 stm8s_iwdg
     00009257  _IWDG_SetReload                    stm8s_iwdg
     0000925E  _IWDG_ReloadCounter                stm8s_iwdg
     00009263  _IWDG_Enable                       stm8s_iwdg
     00009268  _TIM1_DeInit                       stm8s_tim1
     00009301  _TIM1_TimeBaseInit                 stm8s_tim1
     00009334  _TIM1_OC1Init                      stm8s_tim1
     000093A1  _TIM1_OC2Init                      stm8s_tim1
     0000940E  _TIM1_OC3Init                      stm8s_tim1
     0000947B  _TIM1_OC4Init                      stm8s_tim1
     000094CD  _TIM1_BDTRConfig                   stm8s_tim1
     000094E8  _TIM1_ICInit                       stm8s_tim1
     00009553  _TIM1_PWMIConfig                   stm8s_tim1
     000095D0  _TIM1_Cmd                          stm8s_tim1
ASxxxx Linker V03.00 + NoICE + sdld,  page 10.
Hexadecimal  [32-Bits]

Area                                    Addr        Size        Decimal Bytes (Attributes)
--------------------------------        ----        ----        ------- ----- ------------
CODE                                000080B4    000023FB =        9211. bytes (REL,CON)

      Value  Global                              Global Defined In Module
      -----  --------------------------------   ------------------------
     000095DF  _TIM1_CtrlPWMOutputs               stm8s_tim1
     000095EE  _TIM1_ITConfig                     stm8s_tim1
     00009610  _TIM1_InternalClockConfig          stm8s_tim1
     00009618  _TIM1_ETRClockMode1Config          stm8s_tim1
     00009633  _TIM1_ETRClockMode2Config          stm8s_tim1
     00009649  _TIM1_ETRConfig                    stm8s_tim1
     0000965E  _TIM1_TIxExternalClockConfig       stm8s_tim1
     0000968F  _TIM1_SelectInputTrigger           stm8s_tim1
     0000969C  _TIM1_UpdateDisableConfig          stm8s_tim1
     000096B1  _TIM1_UpdateRequestConfig          stm8s_tim1
     000096C6  _TIM1_SelectHallSensor             stm8s_tim1
     000096D5  _TIM1_SelectOnePulseMode           stm8s_tim1
     000096EA  _TIM1_SelectOutputTrigger          stm8s_tim1
     000096F7  _TIM1_SelectSlaveMode              stm8s_tim1
     00009704  _TIM1_SelectMasterSlaveMode        stm8s_tim1
     00009713  _TIM1_EncoderInterfaceConfig       stm8s_tim1
     00009760  _TIM1_PrescalerConfig              stm8s_tim1
     00009779  _TIM1_CounterModeConfig            stm8s_tim1
     00009786  _TIM1_ForcedOC1Config              stm8s_tim1
     00009793  _TIM1_ForcedOC2Config              stm8s_tim1
     000097A0  _TIM1_ForcedOC3Config              stm8s_tim1
     000097AD  _TIM1_ForcedOC4Config              stm8s_tim1
     000097BA  _TIM1_ARRPreloadConfig             stm8s_tim1
     000097C9  _TIM1_SelectCOM                    stm8s_tim1
     000097DE  _TIM1_CCPreloadControl             stm8s_tim1
     000097ED  _TIM1_OC1PreloadConfig             stm8s_tim1
     00009802  _TIM1_OC2PreloadConfig             stm8s_tim1
     00009817  _TIM1_OC3PreloadConfig             stm8s_tim1
     0000982C  _TIM1_OC4PreloadConfig             stm8s_tim1
     00009841  _TIM1_OC1FastConfig                stm8s_tim1
     00009856  _TIM1_OC2FastConfig                stm8s_tim1
     0000986B  _TIM1_OC3FastConfig                stm8s_tim1
     00009880  _TIM1_OC4FastConfig                stm8s_tim1
     00009895  _TIM1_GenerateEvent                stm8s_tim1
     0000989C  _TIM1_OC1PolarityConfig            stm8s_tim1
     000098B1  _TIM1_OC1NPolarityConfig           stm8s_tim1
     000098C6  _TIM1_OC2PolarityConfig            stm8s_tim1
     000098DB  _TIM1_OC2NPolarityConfig           stm8s_tim1
     000098EA  _TIM1_OC3PolarityConfig            stm8s_tim1
     000098FF  _TIM1_OC3NPolarityConfig           stm8s_tim1
     00009914  _TIM1_OC4PolarityConfig            stm8s_tim1
     00009929  _TIM1_CCxCmd                       stm8s_tim1
     00009984  _TIM1_CCxNCmd                      stm8s_tim1
     000099CF  _TIM1_SelectOCxM                   stm8s_tim1
     00009A2C  _TIM1_SetCounter                   stm8s_tim1
     00009A3F  _TIM1_SetAutoreload                stm8s_tim1
     00009A52  _TIM1_SetCompare1                  stm8s_tim1
     00009A65  _TIM1_SetCompare2                  stm8s_tim1
     00009A78  _TIM1_SetCompare3                  stm8s_tim1
     00009A8B  _TIM1_SetCompare4                  stm8s_tim1
     00009A9E  _TIM1_SetIC1Prescaler              stm8s_tim1
ASxxxx Linker V03.00 + NoICE + sdld,  page 11.
Hexadecimal  [32-Bits]

Area                                    Addr        Size        Decimal Bytes (Attributes)
--------------------------------        ----        ----        ------- ----- ------------
CODE                                000080B4    000023FB =        9211. bytes (REL,CON)

      Value  Global                              Global Defined In Module
      -----  --------------------------------   ------------------------
     00009AAB  _TIM1_SetIC2Prescaler              stm8s_tim1
     00009AB8  _TIM1_SetIC3Prescaler              stm8s_tim1
     00009AC5  _TIM1_SetIC4Prescaler              stm8s_tim1
     00009AD2  _TIM1_GetCapture1                  stm8s_tim1
     00009AEF  _TIM1_GetCapture2                  stm8s_tim1
     00009B0C  _TIM1_GetCapture3                  stm8s_tim1
     00009B29  _TIM1_GetCapture4                  stm8s_tim1
     00009B46  _TIM1_GetCounter                   stm8s_tim1
     00009B61  _TIM1_GetPrescaler                 stm8s_tim1
     00009B7C  _TIM1_GetFlagStatus                stm8s_tim1
     00009BA2  _TIM1_ClearFlag                    stm8s_tim1
     00009BB9  _TIM1_GetITStatus                  stm8s_tim1
     00009BD6  _TIM1_ClearITPendingBit            stm8s_tim1
     00009CBA  ___fsmul                           _fsmul
     00009FB6  __divulong                         
     0000A010  ___uint2fs                         _uint2fs
     0000A01C  ___fs2uint                         _fs2uint
     0000A03E  ___fsdiv                           _fsdiv
     0000A2D2  __mullong                          
     0000A34E  ___fs2ulong                        _fs2ulong
     0000A3EB  ___ulong2fs                        _ulong2fs

ASxxxx Linker V03.00 + NoICE + sdld,  page 12.
Hexadecimal  [32-Bits]

Area                                    Addr        Size        Decimal Bytes (Attributes)
--------------------------------        ----        ----        ------- ----- ------------
INITIALIZER                         0000A4AF    0000001A =          26. bytes (REL,CON)

      Value  Global                              Global Defined In Module
      -----  --------------------------------   ------------------------
ASxxxx Linker V03.00 + NoICE + sdld,  page 13.

Files Linked                              [ module(s) ]

build/src/main.rel                        [ main ]
build//Volumes/tools/stm8/STM8S_StdPeriph_Driver/src/stm8s003/stm8s_adc1.rel
                                          [ stm8s_adc1 ]
build//Volumes/tools/stm8/STM8S_StdPeriph_Driver/src/stm8s003/stm8s_clk.rel
                                          [ stm8s_clk ]
build//Volumes/tools/stm8/STM8S_StdPeriph_Driver/src/stm8s003/stm8s_flash.rel
                                          [ stm8s_flash ]
build//Volumes/tools/stm8/STM8S_StdPeriph_Driver/src/stm8s003/stm8s_gpio.rel
                                          [ stm8s_gpio ]
build//Volumes/tools/stm8/STM8S_StdPeriph_Driver/src/stm8s003/stm8s_iwdg.rel
                                          [ stm8s_iwdg ]
build//Volumes/tools/stm8/STM8S_StdPeriph_Driver/src/stm8s003/stm8s_tim1.rel
                                          [ stm8s_tim1 ]


Libraries Linked                          [ object file ]

/usr/local/bin/../share/sdcc/lib/stm8/stm8.lib
                                          [ _fsmul.rel ]
/usr/local/bin/../share/sdcc/lib/stm8/stm8.lib
                                          [ _divulong.rel ]
/usr/local/bin/../share/sdcc/lib/stm8/stm8.lib
                                          [ _uint2fs.rel ]
/usr/local/bin/../share/sdcc/lib/stm8/stm8.lib
                                          [ _fs2uint.rel ]
/usr/local/bin/../share/sdcc/lib/stm8/stm8.lib
                                          [ _fsdiv.rel ]
/usr/local/bin/../share/sdcc/lib/stm8/stm8.lib
                                          [ _mullong.rel ]
/usr/local/bin/../share/sdcc/lib/stm8/stm8.lib
                                          [ _fs2ulong.rel ]
/usr/local/bin/../share/sdcc/lib/stm8/stm8.lib
                                          [ _ulong2fs.rel ]

ASxxxx Linker V03.00 + NoICE + sdld,  page 14.

User Base Address Definitions

HOME = 0x8000
DATA = 0x0001

